# Logfile created on Thu Feb 11 16:48:43 +0100 2010 by logger.rb/22285
  MONGODB admin.$cmd.find({:ismaster=>1}, {}).limit(-1)
  MONGODB plongotest.system.namespaces.find({}, {})
  MONGODB admin.$cmd.find({:ismaster=>1}, {}).limit(-1)
  MONGODB plongotest.system.namespaces.find({}, {})
  MONGODB admin.$cmd.find({:ismaster=>1}, {}).limit(-1)
  MONGODB plongotest.system.namespaces.find({}, {})
  MONGODB admin.$cmd.find({:ismaster=>1}, {}).limit(-1)
  MONGODB plongotest.system.namespaces.find({}, {})
  MONGODB admin.$cmd.find({:ismaster=>1}, {}).limit(-1)
  MONGODB plongotest.system.namespaces.find({}, {})
  MONGODB admin.$cmd.find({:ismaster=>1}, {}).limit(-1)
  MONGODB plongotest.system.namespaces.find({}, {})
  MONGODB admin.$cmd.find({:ismaster=>1}, {}).limit(-1)
  MONGODB plongotest.system.namespaces.find({}, {})
  MONGODB admin.$cmd.find({:ismaster=>1}, {}).limit(-1)
  MONGODB plongotest.system.namespaces.find({}, {})
  MONGODB admin.$cmd.find({:ismaster=>1}, {}).limit(-1)
  MONGODB plongotest.system.namespaces.find({}, {})
  MONGODB admin.$cmd.find({:ismaster=>1}, {}).limit(-1)
  MONGODB plongotest.system.namespaces.find({}, {})
  MONGODB admin.$cmd.find({:ismaster=>1}, {}).limit(-1)
  MONGODB plongotest.system.namespaces.find({}, {})
  MONGODB admin.$cmd.find({:ismaster=>1}, {}).limit(-1)
  MONGODB plongotest.system.namespaces.find({}, {})
  MONGODB admin.$cmd.find({:ismaster=>1}, {}).limit(-1)
  MONGODB plongotest.system.namespaces.find({}, {})
  MONGODB admin.$cmd.find({:ismaster=>1}, {}).limit(-1)
  MONGODB plongotest.system.namespaces.find({}, {})
  MONGODB admin.$cmd.find({:ismaster=>1}, {}).limit(-1)
  MONGODB plongotest.system.namespaces.find({}, {})
  MONGODB plongotest.$cmd.find({"count"=>"plongo.pages", "query"=>{}, "fields"=>nil}, {}).limit(-1)
  MONGODB admin.$cmd.find({:ismaster=>1}, {}).limit(-1)
  MONGODB plongotest.system.namespaces.find({}, {})
  MONGODB admin.$cmd.find({:ismaster=>1}, {}).limit(-1)
  MONGODB plongotest.system.namespaces.find({}, {})
  MONGODB admin.$cmd.find({:ismaster=>1}, {}).limit(-1)
  MONGODB plongotest.system.namespaces.find({}, {})
  MONGODB admin.$cmd.find({:ismaster=>1}, {}).limit(-1)
  MONGODB plongotest.system.namespaces.find({}, {})
  MONGODB admin.$cmd.find({:ismaster=>1}, {}).limit(-1)
  MONGODB plongotest.system.namespaces.find({}, {})
  MONGODB admin.$cmd.find({:ismaster=>1}, {}).limit(-1)
  MONGODB plongotest.system.namespaces.find({}, {})
  MONGODB admin.$cmd.find({:ismaster=>1}, {}).limit(-1)
  MONGODB plongotest.system.namespaces.find({}, {})
  MONGODB admin.$cmd.find({:ismaster=>1}, {}).limit(-1)
  MONGODB plongotest.system.namespaces.find({}, {})
  MONGODB admin.$cmd.find({:ismaster=>1}, {}).limit(-1)
  MONGODB plongotest.system.namespaces.find({}, {})
  MONGODB admin.$cmd.find({:ismaster=>1}, {}).limit(-1)
  MONGODB plongotest.system.namespaces.find({}, {})
  MONGODB admin.$cmd.find({:ismaster=>1}, {}).limit(-1)
  MONGODB plongotest.system.namespaces.find({}, {})
  MONGODB admin.$cmd.find({:ismaster=>1}, {}).limit(-1)
  MONGODB plongotest.system.namespaces.find({}, {})
  MONGODB admin.$cmd.find({:ismaster=>1}, {}).limit(-1)
  MONGODB plongotest.system.namespaces.find({}, {})
  MONGODB plongotest.$cmd.find({"count"=>"plongo.pages", "query"=>{}, "fields"=>nil}, {}).limit(-1)
  MONGODB plongotest.plongo.pages.find({:path=>"pages/home"}, {}).limit(-1)
  MONGODB db.plongo.pages.update({:_id=>4b742f8a93d43311be000001}, {"name"=>"home", "_id"=>4b742f8a93d43311be000001, "template"=>[], "path"=>"pages/home"})
  MONGODB admin.$cmd.find({:ismaster=>1}, {}).limit(-1)
  MONGODB plongotest.system.namespaces.find({}, {})
  MONGODB plongotest.system.namespaces.find({}, {})
  MONGODB plongotest.$cmd.find({:drop=>"plongo.pages"}, {}).limit(-1)
  MONGODB plongotest.$cmd.find({"count"=>"plongo.pages", "query"=>{}, "fields"=>nil}, {}).limit(-1)
  MONGODB plongotest.plongo.pages.find({:path=>"pages/home"}, {}).limit(-1)
  MONGODB db.plongo.pages.update({:_id=>4b742fa493d43311c6000001}, {"name"=>"home", "_id"=>4b742fa493d43311c6000001, "template"=>[], "path"=>"pages/home"})
  MONGODB admin.$cmd.find({:ismaster=>1}, {}).limit(-1)
  MONGODB plongotest.system.namespaces.find({}, {})
  MONGODB plongotest.system.namespaces.find({}, {})
  MONGODB plongotest.$cmd.find({:drop=>"plongo.pages"}, {}).limit(-1)
  MONGODB plongotest.$cmd.find({"count"=>"plongo.pages", "query"=>{}, "fields"=>nil}, {}).limit(-1)
  MONGODB plongotest.plongo.pages.find({:path=>"pages/home"}, {}).limit(-1)
  MONGODB db.plongo.pages.update({:_id=>4b742fc893d43311d1000001}, {"name"=>"home", "_id"=>4b742fc893d43311d1000001, "template"=>[], "path"=>"pages/home"})
  MONGODB plongotest.$cmd.find({"count"=>"plongo.pages", "query"=>{}, "fields"=>nil}, {}).limit(-1)
  MONGODB admin.$cmd.find({:ismaster=>1}, {}).limit(-1)
  MONGODB plongotest.system.namespaces.find({}, {})
  MONGODB plongotest.system.namespaces.find({}, {})
  MONGODB plongotest.$cmd.find({:drop=>"plongo.pages"}, {}).limit(-1)
  MONGODB plongotest.$cmd.find({"count"=>"plongo.pages", "query"=>{}, "fields"=>nil}, {}).limit(-1)
  MONGODB plongotest.plongo.pages.find({:path=>"pages/home"}, {}).limit(-1)
  MONGODB db.plongo.pages.update({:_id=>4b742ffa93d43311e1000001}, {"name"=>"home", "_id"=>4b742ffa93d43311e1000001, "template"=>[], "path"=>"pages/home"})
  MONGODB plongotest.$cmd.find({"count"=>"plongo.pages", "query"=>{}, "fields"=>nil}, {}).limit(-1)
  MONGODB plongotest.$cmd.find({"count"=>"plongo.pages", "query"=>{}, "fields"=>nil}, {}).limit(-1)
  MONGODB plongotest.plongo.pages.find({:path=>"pages/home"}, {}).limit(-1)
  MONGODB admin.$cmd.find({:ismaster=>1}, {}).limit(-1)
  MONGODB plongotest.system.namespaces.find({}, {})
  MONGODB plongotest.system.namespaces.find({}, {})
  MONGODB plongotest.$cmd.find({:drop=>"plongo.pages"}, {}).limit(-1)
  MONGODB plongotest.$cmd.find({"count"=>"plongo.pages", "query"=>{}, "fields"=>nil}, {}).limit(-1)
  MONGODB plongotest.plongo.pages.find({:path=>"pages/home"}, {}).limit(-1)
  MONGODB db.plongo.pages.update({:_id=>4b74301893d43311ea000001}, {"name"=>"home", "_id"=>4b74301893d43311ea000001, "template"=>[], "path"=>"pages/home"})
  MONGODB plongotest.$cmd.find({"count"=>"plongo.pages", "query"=>{}, "fields"=>nil}, {}).limit(-1)
  MONGODB plongotest.$cmd.find({"count"=>"plongo.pages", "query"=>{}, "fields"=>nil}, {}).limit(-1)
  MONGODB plongotest.plongo.pages.find({:path=>"pages/home"}, {}).limit(-1)
  MONGODB admin.$cmd.find({:ismaster=>1}, {}).limit(-1)
  MONGODB plongotest.system.namespaces.find({}, {})
  MONGODB plongotest.system.namespaces.find({}, {})
  MONGODB plongotest.$cmd.find({:drop=>"plongo.pages"}, {}).limit(-1)
  MONGODB plongotest.$cmd.find({"count"=>"plongo.pages", "query"=>{}, "fields"=>nil}, {}).limit(-1)
  MONGODB plongotest.plongo.pages.find({:path=>"pages/home"}, {}).limit(-1)
  MONGODB db.plongo.pages.update({:_id=>4b74303d93d43311f3000001}, {"name"=>"home", "_id"=>4b74303d93d43311f3000001, "template"=>[], "path"=>"pages/home"})
  MONGODB plongotest.$cmd.find({"count"=>"plongo.pages", "query"=>{}, "fields"=>nil}, {}).limit(-1)
  MONGODB plongotest.$cmd.find({"count"=>"plongo.pages", "query"=>{}, "fields"=>nil}, {}).limit(-1)
  MONGODB plongotest.plongo.pages.find({:path=>"pages/home"}, {}).limit(-1)
  MONGODB admin.$cmd.find({:ismaster=>1}, {}).limit(-1)
  MONGODB plongotest.system.namespaces.find({}, {})
  MONGODB plongotest.system.namespaces.find({}, {})
  MONGODB plongotest.$cmd.find({:drop=>"plongo.pages"}, {}).limit(-1)
  MONGODB plongotest.$cmd.find({"count"=>"plongo.pages", "query"=>{}, "fields"=>nil}, {}).limit(-1)
  MONGODB plongotest.plongo.pages.find({:path=>"pages/home"}, {}).limit(-1)
  MONGODB db.plongo.pages.update({:_id=>4b74305d93d43311f9000001}, {"name"=>"home", "_id"=>4b74305d93d43311f9000001, "template"=>[], "path"=>"pages/home"})
  MONGODB plongotest.$cmd.find({"count"=>"plongo.pages", "query"=>{}, "fields"=>nil}, {}).limit(-1)
  MONGODB plongotest.$cmd.find({"count"=>"plongo.pages", "query"=>{}, "fields"=>nil}, {}).limit(-1)
  MONGODB plongotest.plongo.pages.find({:path=>"pages/home"}, {}).limit(-1)
  MONGODB admin.$cmd.find({:ismaster=>1}, {}).limit(-1)
  MONGODB plongotest.system.namespaces.find({}, {})
  MONGODB plongotest.system.namespaces.find({}, {})
  MONGODB plongotest.$cmd.find({:drop=>"plongo.pages"}, {}).limit(-1)
  MONGODB plongotest.$cmd.find({"count"=>"plongo.pages", "query"=>{}, "fields"=>nil}, {}).limit(-1)
  MONGODB plongotest.plongo.pages.find({:path=>"pages/home"}, {}).limit(-1)
  MONGODB db.plongo.pages.update({:_id=>4b74307293d43311fd000001}, {"name"=>"home", "_id"=>4b74307293d43311fd000001, "template"=>[], "path"=>"pages/home"})
  MONGODB db.plongo.pages.update({:_id=>4b74307293d43311fd000001}, {"name"=>"home", "_id"=>4b74307293d43311fd000001, "elements"=>[{"_id"=>4b74307293d43311fd000002, "priority"=>nil, "value"=>"Title goes here", "key"=>"title"}], "template"=>[], "path"=>"pages/home"})
  MONGODB plongotest.$cmd.find({"count"=>"plongo.pages", "query"=>{}, "fields"=>nil}, {}).limit(-1)
  MONGODB plongotest.$cmd.find({"count"=>"plongo.pages", "query"=>{}, "fields"=>nil}, {}).limit(-1)
  MONGODB plongotest.plongo.pages.find({:path=>"pages/home"}, {}).limit(-1)
  MONGODB plongotest.$cmd.find({"count"=>"plongo.pages", "query"=>{}, "fields"=>nil}, {}).limit(-1)
  MONGODB admin.$cmd.find({:ismaster=>1}, {}).limit(-1)
  MONGODB plongotest.system.namespaces.find({}, {})
  MONGODB plongotest.system.namespaces.find({}, {})
  MONGODB plongotest.$cmd.find({:drop=>"plongo.pages"}, {}).limit(-1)
  MONGODB plongotest.$cmd.find({"count"=>"plongo.pages", "query"=>{}, "fields"=>nil}, {}).limit(-1)
  MONGODB plongotest.plongo.pages.find({:path=>"pages/home"}, {}).limit(-1)
  MONGODB db.plongo.pages.update({:_id=>4b74310393d4331221000001}, {"name"=>"home", "_id"=>4b74310393d4331221000001, "template"=>[], "path"=>"pages/home"})
  MONGODB db.plongo.pages.update({:_id=>4b74310393d4331221000001}, {"name"=>"home", "_id"=>4b74310393d4331221000001, "elements"=>[{"_id"=>4b74310393d4331221000002, "priority"=>nil, "value"=>"Title goes here", "key"=>"title"}], "template"=>[], "path"=>"pages/home"})
  MONGODB plongotest.$cmd.find({"count"=>"plongo.pages", "query"=>{}, "fields"=>nil}, {}).limit(-1)
  MONGODB plongotest.$cmd.find({"count"=>"plongo.pages", "query"=>{}, "fields"=>nil}, {}).limit(-1)
  MONGODB plongotest.plongo.pages.find({:path=>"pages/home"}, {}).limit(-1)
  MONGODB plongotest.$cmd.find({"count"=>"plongo.pages", "query"=>{}, "fields"=>nil}, {}).limit(-1)
  MONGODB plongotest.plongo.pages.find({}, {})
  MONGODB plongotest.plongo.pages.find({:path=>"pages/home"}, {}).limit(-1)
  MONGODB admin.$cmd.find({:ismaster=>1}, {}).limit(-1)
  MONGODB plongotest.system.namespaces.find({}, {})
  MONGODB plongotest.system.namespaces.find({}, {})
  MONGODB plongotest.$cmd.find({:drop=>"plongo.pages"}, {}).limit(-1)
  MONGODB plongotest.$cmd.find({"count"=>"plongo.pages", "query"=>{}, "fields"=>nil}, {}).limit(-1)
  MONGODB plongotest.plongo.pages.find({:path=>"pages/home"}, {}).limit(-1)
  MONGODB db.plongo.pages.update({:_id=>4b74312a93d433122c000001}, {"name"=>"home", "_id"=>4b74312a93d433122c000001, "template"=>[], "path"=>"pages/home"})
  MONGODB db.plongo.pages.update({:_id=>4b74312a93d433122c000001}, {"name"=>"home", "_id"=>4b74312a93d433122c000001, "elements"=>[{"_id"=>4b74312a93d433122c000002, "priority"=>nil, "value"=>"Title goes here", "key"=>"title"}], "template"=>[], "path"=>"pages/home"})
  MONGODB plongotest.$cmd.find({"count"=>"plongo.pages", "query"=>{}, "fields"=>nil}, {}).limit(-1)
  MONGODB plongotest.$cmd.find({"count"=>"plongo.pages", "query"=>{}, "fields"=>nil}, {}).limit(-1)
  MONGODB plongotest.plongo.pages.find({:path=>"pages/home"}, {}).limit(-1)
  MONGODB plongotest.$cmd.find({"count"=>"plongo.pages", "query"=>{}, "fields"=>nil}, {}).limit(-1)
  MONGODB plongotest.plongo.pages.find({}, {})
  MONGODB plongotest.plongo.pages.find({:path=>"pages/home"}, {}).limit(-1)
  MONGODB admin.$cmd.find({:ismaster=>1}, {}).limit(-1)
  MONGODB plongotest.system.namespaces.find({}, {})
  MONGODB plongotest.system.namespaces.find({}, {})
  MONGODB plongotest.$cmd.find({:drop=>"plongo.pages"}, {}).limit(-1)
  MONGODB plongotest.$cmd.find({"count"=>"plongo.pages", "query"=>{}, "fields"=>nil}, {}).limit(-1)
  MONGODB plongotest.plongo.pages.find({:path=>"pages/home"}, {}).limit(-1)
  MONGODB db.plongo.pages.update({:_id=>4b74315093d4331235000001}, {"name"=>"home", "_id"=>4b74315093d4331235000001, "template"=>[], "path"=>"pages/home"})
  MONGODB db.plongo.pages.update({:_id=>4b74315093d4331235000001}, {"name"=>"home", "_id"=>4b74315093d4331235000001, "elements"=>[{"_id"=>4b74315093d4331235000002, "priority"=>nil, "value"=>"Title goes here", "key"=>"title"}], "template"=>[], "path"=>"pages/home"})
  MONGODB plongotest.$cmd.find({"count"=>"plongo.pages", "query"=>{}, "fields"=>nil}, {}).limit(-1)
  MONGODB plongotest.$cmd.find({"count"=>"plongo.pages", "query"=>{}, "fields"=>nil}, {}).limit(-1)
  MONGODB plongotest.plongo.pages.find({:path=>"pages/home"}, {}).limit(-1)
  MONGODB plongotest.$cmd.find({"count"=>"plongo.pages", "query"=>{}, "fields"=>nil}, {}).limit(-1)
  MONGODB plongotest.plongo.pages.find({}, {})
  MONGODB plongotest.plongo.pages.find({:path=>"pages/home"}, {}).limit(-1)
  MONGODB plongotest.plongo.pages.find({}, {})
  MONGODB admin.$cmd.find({:ismaster=>1}, {}).limit(-1)
  MONGODB plongotest.system.namespaces.find({}, {})
  MONGODB plongotest.system.namespaces.find({}, {})
  MONGODB plongotest.$cmd.find({:drop=>"plongo.pages"}, {}).limit(-1)
  MONGODB plongotest.$cmd.find({"count"=>"plongo.pages", "query"=>{}, "fields"=>nil}, {}).limit(-1)
  MONGODB plongotest.plongo.pages.find({:path=>"pages/home"}, {}).limit(-1)
  MONGODB db.plongo.pages.update({:_id=>4b74316a93d433123b000001}, {"name"=>"home", "_id"=>4b74316a93d433123b000001, "template"=>[], "path"=>"pages/home"})
  MONGODB db.plongo.pages.update({:_id=>4b74316a93d433123b000001}, {"name"=>"home", "_id"=>4b74316a93d433123b000001, "elements"=>[{"_id"=>4b74316a93d433123b000002, "priority"=>nil, "value"=>"Title goes here", "key"=>"title"}], "template"=>[], "path"=>"pages/home"})
  MONGODB plongotest.$cmd.find({"count"=>"plongo.pages", "query"=>{}, "fields"=>nil}, {}).limit(-1)
  MONGODB plongotest.$cmd.find({"count"=>"plongo.pages", "query"=>{}, "fields"=>nil}, {}).limit(-1)
  MONGODB plongotest.plongo.pages.find({:path=>"pages/home"}, {}).limit(-1)
  MONGODB plongotest.$cmd.find({"count"=>"plongo.pages", "query"=>{}, "fields"=>nil}, {}).limit(-1)
  MONGODB plongotest.plongo.pages.find({}, {})
  MONGODB plongotest.plongo.pages.find({:path=>"pages/home"}, {}).limit(-1)
  MONGODB plongotest.plongo.pages.find({}, {})
  MONGODB admin.$cmd.find({:ismaster=>1}, {}).limit(-1)
  MONGODB plongotest.system.namespaces.find({}, {})
  MONGODB plongotest.system.namespaces.find({}, {})
  MONGODB plongotest.$cmd.find({:drop=>"plongo.pages"}, {}).limit(-1)
  MONGODB plongotest.$cmd.find({"count"=>"plongo.pages", "query"=>{}, "fields"=>nil}, {}).limit(-1)
  MONGODB plongotest.plongo.pages.find({:path=>"pages/home"}, {}).limit(-1)
  MONGODB db.plongo.pages.update({:_id=>4b74317393d433123d000001}, {"name"=>"home", "_id"=>4b74317393d433123d000001, "template"=>[], "path"=>"pages/home"})
  MONGODB db.plongo.pages.update({:_id=>4b74317393d433123d000001}, {"name"=>"home", "_id"=>4b74317393d433123d000001, "elements"=>[{"_id"=>4b74317393d433123d000002, "priority"=>nil, "value"=>"Title goes here", "key"=>"title"}], "template"=>[], "path"=>"pages/home"})
  MONGODB plongotest.$cmd.find({"count"=>"plongo.pages", "query"=>{}, "fields"=>nil}, {}).limit(-1)
  MONGODB plongotest.$cmd.find({"count"=>"plongo.pages", "query"=>{}, "fields"=>nil}, {}).limit(-1)
  MONGODB plongotest.plongo.pages.find({:path=>"pages/home"}, {}).limit(-1)
  MONGODB plongotest.$cmd.find({"count"=>"plongo.pages", "query"=>{}, "fields"=>nil}, {}).limit(-1)
  MONGODB plongotest.plongo.pages.find({}, {})
  MONGODB plongotest.plongo.pages.find({:path=>"pages/home"}, {}).limit(-1)
  MONGODB plongotest.plongo.pages.find({}, {})
  MONGODB admin.$cmd.find({:ismaster=>1}, {}).limit(-1)
  MONGODB plongotest.system.namespaces.find({}, {})
  MONGODB plongotest.system.namespaces.find({}, {})
  MONGODB plongotest.$cmd.find({:drop=>"plongo.pages"}, {}).limit(-1)
  MONGODB plongotest.$cmd.find({"count"=>"plongo.pages", "query"=>{}, "fields"=>nil}, {}).limit(-1)
  MONGODB plongotest.plongo.pages.find({:path=>"pages/home"}, {}).limit(-1)
  MONGODB db.plongo.pages.update({:_id=>4b74318693d4331240000001}, {"name"=>"home", "_id"=>4b74318693d4331240000001, "template"=>[], "path"=>"pages/home"})
  MONGODB db.plongo.pages.update({:_id=>4b74318693d4331240000001}, {"name"=>"home", "_id"=>4b74318693d4331240000001, "elements"=>[{"_id"=>4b74318693d4331240000002, "priority"=>nil, "value"=>"Title goes here", "key"=>"title"}], "template"=>[], "path"=>"pages/home"})
  MONGODB plongotest.$cmd.find({"count"=>"plongo.pages", "query"=>{}, "fields"=>nil}, {}).limit(-1)
  MONGODB plongotest.$cmd.find({"count"=>"plongo.pages", "query"=>{}, "fields"=>nil}, {}).limit(-1)
  MONGODB plongotest.plongo.pages.find({:path=>"pages/home"}, {}).limit(-1)
  MONGODB plongotest.$cmd.find({"count"=>"plongo.pages", "query"=>{}, "fields"=>nil}, {}).limit(-1)
  MONGODB plongotest.plongo.pages.find({}, {})
  MONGODB plongotest.plongo.pages.find({:path=>"pages/home"}, {}).limit(-1)
  MONGODB plongotest.plongo.pages.find({}, {})
  MONGODB admin.$cmd.find({:ismaster=>1}, {}).limit(-1)
  MONGODB plongotest.system.namespaces.find({}, {})
  MONGODB plongotest.system.namespaces.find({}, {})
  MONGODB plongotest.$cmd.find({:drop=>"plongo.pages"}, {}).limit(-1)
  MONGODB plongotest.$cmd.find({"count"=>"plongo.pages", "query"=>{}, "fields"=>nil}, {}).limit(-1)
  MONGODB plongotest.plongo.pages.find({:path=>"pages/home"}, {}).limit(-1)
  MONGODB db.plongo.pages.update({:_id=>4b74319093d4331242000001}, {"name"=>"home", "_id"=>4b74319093d4331242000001, "template"=>[], "path"=>"pages/home"})
  MONGODB db.plongo.pages.update({:_id=>4b74319093d4331242000001}, {"name"=>"home", "_id"=>4b74319093d4331242000001, "elements"=>[{"_id"=>4b74319093d4331242000002, "priority"=>nil, "value"=>"Title goes here", "key"=>"title"}], "template"=>[], "path"=>"pages/home"})
  MONGODB plongotest.$cmd.find({"count"=>"plongo.pages", "query"=>{}, "fields"=>nil}, {}).limit(-1)
  MONGODB plongotest.$cmd.find({"count"=>"plongo.pages", "query"=>{}, "fields"=>nil}, {}).limit(-1)
  MONGODB plongotest.plongo.pages.find({:path=>"pages/home"}, {}).limit(-1)
  MONGODB plongotest.$cmd.find({"count"=>"plongo.pages", "query"=>{}, "fields"=>nil}, {}).limit(-1)
  MONGODB plongotest.plongo.pages.find({}, {})
  MONGODB plongotest.plongo.pages.find({:path=>"pages/home"}, {}).limit(-1)
  MONGODB plongotest.plongo.pages.find({}, {})
  MONGODB admin.$cmd.find({:ismaster=>1}, {}).limit(-1)
  MONGODB plongotest.system.namespaces.find({}, {})
  MONGODB plongotest.system.namespaces.find({}, {})
  MONGODB plongotest.$cmd.find({:drop=>"plongo.pages"}, {}).limit(-1)
  MONGODB plongotest.plongo.pages.find({}, {})
  MONGODB plongotest.plongo.pages.find({}, {})
  MONGODB plongotest.$cmd.find({"count"=>"plongo.pages", "query"=>{}, "fields"=>nil}, {}).limit(-1)
  MONGODB plongotest.plongo.pages.find({:path=>"pages/home"}, {}).limit(-1)
  MONGODB db.plongo.pages.update({:_id=>4b7431c193d433124e000001}, {"name"=>"home", "_id"=>4b7431c193d433124e000001, "template"=>[], "path"=>"pages/home"})
  MONGODB db.plongo.pages.update({:_id=>4b7431c193d433124e000001}, {"name"=>"home", "_id"=>4b7431c193d433124e000001, "elements"=>[{"_id"=>4b7431c193d433124e000002, "priority"=>nil, "value"=>"Title goes here", "key"=>"title"}], "template"=>[], "path"=>"pages/home"})
  MONGODB plongotest.$cmd.find({"count"=>"plongo.pages", "query"=>{}, "fields"=>nil}, {}).limit(-1)
  MONGODB plongotest.$cmd.find({"count"=>"plongo.pages", "query"=>{}, "fields"=>nil}, {}).limit(-1)
  MONGODB plongotest.plongo.pages.find({:path=>"pages/home"}, {}).limit(-1)
  MONGODB plongotest.$cmd.find({"count"=>"plongo.pages", "query"=>{}, "fields"=>nil}, {}).limit(-1)
  MONGODB plongotest.plongo.pages.find({}, {})
  MONGODB plongotest.plongo.pages.find({}, {})
  MONGODB db.plongotest.remove({:_id=>{"$in"=>[4b7431c193d433124e000001]}})
  MONGODB plongotest.plongo.pages.find({:path=>"pages/home"}, {}).limit(-1)
  MONGODB db.plongo.pages.update({:_id=>4b7431c193d433124e000003}, {"name"=>"home", "_id"=>4b7431c193d433124e000003, "template"=>[], "path"=>"pages/home"})
  MONGODB db.plongo.pages.update({:_id=>4b7431c193d433124e000003}, {"name"=>"home", "_id"=>4b7431c193d433124e000003, "elements"=>[{"_id"=>4b7431c193d433124e000004, "priority"=>42, "value"=>"Title goes here", "key"=>"title"}], "template"=>[], "path"=>"pages/home"})
  MONGODB plongotest.plongo.pages.find({}, {})
  MONGODB admin.$cmd.find({:ismaster=>1}, {}).limit(-1)
  MONGODB plongotest.system.namespaces.find({}, {})
  MONGODB plongotest.system.namespaces.find({}, {})
  MONGODB plongotest.$cmd.find({:drop=>"plongo.pages"}, {}).limit(-1)
  MONGODB plongotest.plongo.pages.find({}, {})
  MONGODB plongotest.plongo.pages.find({}, {})
  MONGODB plongotest.$cmd.find({"count"=>"plongo.pages", "query"=>{}, "fields"=>nil}, {}).limit(-1)
  MONGODB plongotest.plongo.pages.find({:path=>"pages/home"}, {}).limit(-1)
  MONGODB db.plongo.pages.update({:_id=>4b7432c393d433128f000001}, {"name"=>"home", "_id"=>4b7432c393d433128f000001, "template"=>[], "path"=>"pages/home"})
  MONGODB db.plongo.pages.update({:_id=>4b7432c393d433128f000001}, {"name"=>"home", "_id"=>4b7432c393d433128f000001, "elements"=>[{"_id"=>4b7432c393d433128f000002, "priority"=>nil, "value"=>"Title goes here", "key"=>"title"}], "template"=>[], "path"=>"pages/home"})
  MONGODB plongotest.$cmd.find({"count"=>"plongo.pages", "query"=>{}, "fields"=>nil}, {}).limit(-1)
  MONGODB plongotest.$cmd.find({"count"=>"plongo.pages", "query"=>{}, "fields"=>nil}, {}).limit(-1)
  MONGODB plongotest.plongo.pages.find({:path=>"pages/home"}, {}).limit(-1)
  MONGODB plongotest.$cmd.find({"count"=>"plongo.pages", "query"=>{}, "fields"=>nil}, {}).limit(-1)
  MONGODB plongotest.plongo.pages.find({}, {})
  MONGODB plongotest.plongo.pages.find({}, {})
  MONGODB db.plongotest.remove({:_id=>{"$in"=>[4b7432c393d433128f000001]}})
  MONGODB plongotest.plongo.pages.find({:path=>"pages/home"}, {}).limit(-1)
  MONGODB db.plongo.pages.update({:_id=>4b7432c393d433128f000003}, {"name"=>"home", "_id"=>4b7432c393d433128f000003, "template"=>[], "path"=>"pages/home"})
  MONGODB db.plongo.pages.update({:_id=>4b7432c393d433128f000003}, {"name"=>"home", "_id"=>4b7432c393d433128f000003, "elements"=>[{"_id"=>4b7432c393d433128f000004, "priority"=>42, "value"=>"Title goes here", "key"=>"title"}], "template"=>[], "path"=>"pages/home"})
  MONGODB plongotest.plongo.pages.find({}, {})
  MONGODB admin.$cmd.find({:ismaster=>1}, {}).limit(-1)
  MONGODB plongotest.system.namespaces.find({}, {})
  MONGODB plongotest.system.namespaces.find({}, {})
  MONGODB plongotest.$cmd.find({:drop=>"plongo.pages"}, {}).limit(-1)
  MONGODB plongotest.plongo.pages.find({}, {})
  MONGODB plongotest.plongo.pages.find({}, {})
  MONGODB plongotest.$cmd.find({"count"=>"plongo.pages", "query"=>{}, "fields"=>nil}, {}).limit(-1)
  MONGODB plongotest.plongo.pages.find({:path=>"pages/home"}, {}).limit(-1)
  MONGODB db.plongo.pages.update({:_id=>4b7479e293d4331bd7000001}, {"name"=>"home", "_id"=>4b7479e293d4331bd7000001, "template"=>[], "path"=>"pages/home"})
  MONGODB db.plongo.pages.update({:_id=>4b7479e293d4331bd7000001}, {"name"=>"home", "_id"=>4b7479e293d4331bd7000001, "elements"=>[{"name"=>"Title goes here", "_id"=>4b7479e293d4331bd7000002, "priority"=>nil, "_type"=>"Plongo::Elements::Input", "value"=>"Title goes here", "key"=>"title"}], "template"=>[], "path"=>"pages/home"})
  MONGODB plongotest.$cmd.find({"count"=>"plongo.pages", "query"=>{}, "fields"=>nil}, {}).limit(-1)
  MONGODB plongotest.$cmd.find({"count"=>"plongo.pages", "query"=>{}, "fields"=>nil}, {}).limit(-1)
  MONGODB plongotest.plongo.pages.find({:path=>"pages/home"}, {}).limit(-1)
  MONGODB plongotest.$cmd.find({"count"=>"plongo.pages", "query"=>{}, "fields"=>nil}, {}).limit(-1)
  MONGODB plongotest.plongo.pages.find({}, {})
  MONGODB plongotest.plongo.pages.find({}, {})
  MONGODB db.plongotest.remove({:_id=>{"$in"=>[4b7479e293d4331bd7000001]}})
  MONGODB plongotest.plongo.pages.find({:path=>"pages/home"}, {}).limit(-1)
  MONGODB db.plongo.pages.update({:_id=>4b7479e293d4331bd7000003}, {"name"=>"home", "_id"=>4b7479e293d4331bd7000003, "template"=>[], "path"=>"pages/home"})
  MONGODB admin.$cmd.find({:ismaster=>1}, {}).limit(-1)
  MONGODB plongotest.system.namespaces.find({}, {})
  MONGODB plongotest.system.namespaces.find({}, {})
  MONGODB plongotest.$cmd.find({:drop=>"plongo.pages"}, {}).limit(-1)
  MONGODB plongotest.plongo.pages.find({}, {})
  MONGODB plongotest.plongo.pages.find({}, {})
  MONGODB plongotest.$cmd.find({"count"=>"plongo.pages", "query"=>{}, "fields"=>nil}, {}).limit(-1)
  MONGODB plongotest.plongo.pages.find({:path=>"pages/home"}, {}).limit(-1)
  MONGODB db.plongo.pages.update({:_id=>4b747a5893d4331bee000001}, {"name"=>"home", "_id"=>4b747a5893d4331bee000001, "template"=>[], "path"=>"pages/home"})
  MONGODB plongotest.plongo.pages.find({}, {})
  MONGODB db.plongotest.remove({:_id=>{"$in"=>[4b747a5893d4331bee000001]}})
  MONGODB plongotest.plongo.pages.find({:path=>"pages/home"}, {}).limit(-1)
  MONGODB db.plongo.pages.update({:_id=>4b747a5893d4331bee000002}, {"name"=>"home", "_id"=>4b747a5893d4331bee000002, "template"=>[], "path"=>"pages/home"})
  MONGODB db.plongo.pages.update({:_id=>4b747a5893d4331bee000002}, {"name"=>"home", "_id"=>4b747a5893d4331bee000002, "elements"=>[{"name"=>"Title goes here", "_id"=>4b747a5893d4331bee000003, "priority"=>42, "_type"=>"Plongo::Elements::Input", "value"=>"Title goes here", "key"=>"title"}], "template"=>[], "path"=>"pages/home"})
  MONGODB plongotest.plongo.pages.find({}, {})
  MONGODB admin.$cmd.find({:ismaster=>1}, {}).limit(-1)
  MONGODB plongotest.system.namespaces.find({}, {})
  MONGODB plongotest.system.namespaces.find({}, {})
  MONGODB plongotest.$cmd.find({:drop=>"plongo.pages"}, {}).limit(-1)
  MONGODB plongotest.plongo.pages.find({}, {})
  MONGODB plongotest.plongo.pages.find({}, {})
  MONGODB plongotest.$cmd.find({"count"=>"plongo.pages", "query"=>{}, "fields"=>nil}, {}).limit(-1)
  MONGODB plongotest.plongo.pages.find({:path=>"pages/home"}, {}).limit(-1)
  MONGODB db.plongo.pages.update({:_id=>4b747a6893d4331bf6000001}, {"name"=>"home", "_id"=>4b747a6893d4331bf6000001, "template"=>[], "path"=>"pages/home"})
  MONGODB db.plongo.pages.update({:_id=>4b747a6893d4331bf6000001}, {"name"=>"home", "_id"=>4b747a6893d4331bf6000001, "elements"=>[{"name"=>"Title goes here", "_id"=>4b747a6893d4331bf6000002, "priority"=>nil, "_type"=>"Plongo::Elements::Input", "value"=>"Title goes here", "key"=>"title"}], "template"=>[], "path"=>"pages/home"})
  MONGODB plongotest.$cmd.find({"count"=>"plongo.pages", "query"=>{}, "fields"=>nil}, {}).limit(-1)
  MONGODB plongotest.$cmd.find({"count"=>"plongo.pages", "query"=>{}, "fields"=>nil}, {}).limit(-1)
  MONGODB plongotest.plongo.pages.find({:path=>"pages/home"}, {}).limit(-1)
  MONGODB plongotest.$cmd.find({"count"=>"plongo.pages", "query"=>{}, "fields"=>nil}, {}).limit(-1)
  MONGODB plongotest.plongo.pages.find({}, {})
  MONGODB plongotest.plongo.pages.find({}, {})
  MONGODB db.plongotest.remove({:_id=>{"$in"=>[4b747a6893d4331bf6000001]}})
  MONGODB plongotest.plongo.pages.find({:path=>"pages/home"}, {}).limit(-1)
  MONGODB db.plongo.pages.update({:_id=>4b747a6893d4331bf6000003}, {"name"=>"home", "_id"=>4b747a6893d4331bf6000003, "template"=>[], "path"=>"pages/home"})
  MONGODB db.plongo.pages.update({:_id=>4b747a6893d4331bf6000003}, {"name"=>"home", "_id"=>4b747a6893d4331bf6000003, "elements"=>[{"name"=>"Title goes here", "_id"=>4b747a6893d4331bf6000004, "priority"=>42, "_type"=>"Plongo::Elements::Input", "value"=>"Title goes here", "key"=>"title"}], "template"=>[], "path"=>"pages/home"})
  MONGODB plongotest.plongo.pages.find({}, {})
  MONGODB admin.$cmd.find({:ismaster=>1}, {}).limit(-1)
  MONGODB plongotest.system.namespaces.find({}, {})
  MONGODB plongotest.system.namespaces.find({}, {})
  MONGODB plongotest.$cmd.find({:drop=>"plongo.pages"}, {}).limit(-1)
  MONGODB plongotest.plongo.pages.find({}, {})
  MONGODB plongotest.plongo.pages.find({}, {})
  MONGODB plongotest.$cmd.find({"count"=>"plongo.pages", "query"=>{}, "fields"=>nil}, {}).limit(-1)
  MONGODB plongotest.plongo.pages.find({:path=>"pages/home"}, {}).limit(-1)
  MONGODB db.plongo.pages.update({:_id=>4b747e5193d4331c97000001}, {"name"=>"home", "_id"=>4b747e5193d4331c97000001, "template"=>[], "path"=>"pages/home"})
  MONGODB db.plongo.pages.update({:_id=>4b747e5193d4331c97000001}, {"name"=>"home", "_id"=>4b747e5193d4331c97000001, "elements"=>[{"name"=>"Title goes here", "_id"=>4b747e5193d4331c97000002, "priority"=>nil, "_type"=>"Plongo::Elements::Input", "value"=>"Title goes here", "key"=>"title"}], "template"=>[], "path"=>"pages/home"})
  MONGODB plongotest.$cmd.find({"count"=>"plongo.pages", "query"=>{}, "fields"=>nil}, {}).limit(-1)
  MONGODB plongotest.$cmd.find({"count"=>"plongo.pages", "query"=>{}, "fields"=>nil}, {}).limit(-1)
  MONGODB plongotest.plongo.pages.find({:path=>"pages/home"}, {}).limit(-1)
  MONGODB plongotest.$cmd.find({"count"=>"plongo.pages", "query"=>{}, "fields"=>nil}, {}).limit(-1)
  MONGODB plongotest.plongo.pages.find({}, {})
  MONGODB plongotest.plongo.pages.find({}, {})
  MONGODB db.plongotest.remove({:_id=>{"$in"=>[4b747e5193d4331c97000001]}})
  MONGODB plongotest.plongo.pages.find({:path=>"pages/home"}, {}).limit(-1)
  MONGODB db.plongo.pages.update({:_id=>4b747e5193d4331c97000003}, {"name"=>"home", "_id"=>4b747e5193d4331c97000003, "template"=>[], "path"=>"pages/home"})
  MONGODB db.plongo.pages.update({:_id=>4b747e5193d4331c97000003}, {"name"=>"home", "_id"=>4b747e5193d4331c97000003, "elements"=>[{"name"=>"Title goes here", "_id"=>4b747e5193d4331c97000004, "priority"=>42, "_type"=>"Plongo::Elements::Input", "value"=>"Title goes here", "key"=>"title"}], "template"=>[], "path"=>"pages/home"})
  MONGODB plongotest.plongo.pages.find({}, {})
  MONGODB admin.$cmd.find({:ismaster=>1}, {}).limit(-1)
  MONGODB plongotest.system.namespaces.find({}, {})
  MONGODB plongotest.system.namespaces.find({}, {})
  MONGODB plongotest.$cmd.find({:drop=>"plongo.pages"}, {}).limit(-1)
  MONGODB plongotest.plongo.pages.find({}, {})
  MONGODB plongotest.plongo.pages.find({}, {})
  MONGODB plongotest.$cmd.find({"count"=>"plongo.pages", "query"=>{}, "fields"=>nil}, {}).limit(-1)
  MONGODB plongotest.plongo.pages.find({:path=>"pages/home"}, {}).limit(-1)
  MONGODB db.plongo.pages.update({:_id=>4b7485e493d4331d94000001}, {"name"=>"home", "_id"=>4b7485e493d4331d94000001, "template"=>[], "path"=>"pages/home"})
  MONGODB db.plongo.pages.update({:_id=>4b7485e493d4331d94000001}, {"name"=>"home", "_id"=>4b7485e493d4331d94000001, "elements"=>[{"name"=>"Title goes here", "_id"=>4b7485e493d4331d94000002, "priority"=>nil, "_type"=>"Plongo::Elements::Input", "value"=>"Title goes here", "key"=>"title"}], "template"=>[], "path"=>"pages/home"})
  MONGODB plongotest.$cmd.find({"count"=>"plongo.pages", "query"=>{}, "fields"=>nil}, {}).limit(-1)
  MONGODB plongotest.$cmd.find({"count"=>"plongo.pages", "query"=>{}, "fields"=>nil}, {}).limit(-1)
  MONGODB plongotest.plongo.pages.find({:path=>"pages/home"}, {}).limit(-1)
  MONGODB plongotest.$cmd.find({"count"=>"plongo.pages", "query"=>{}, "fields"=>nil}, {}).limit(-1)
  MONGODB plongotest.plongo.pages.find({}, {})
  MONGODB plongotest.plongo.pages.find({}, {})
  MONGODB db.plongotest.remove({:_id=>{"$in"=>[4b7485e493d4331d94000001]}})
  MONGODB plongotest.plongo.pages.find({:path=>"pages/home"}, {}).limit(-1)
  MONGODB db.plongo.pages.update({:_id=>4b7485e493d4331d94000003}, {"name"=>"home", "_id"=>4b7485e493d4331d94000003, "template"=>[], "path"=>"pages/home"})
  MONGODB db.plongo.pages.update({:_id=>4b7485e493d4331d94000003}, {"name"=>"home", "_id"=>4b7485e493d4331d94000003, "elements"=>[{"name"=>"Title goes here", "_id"=>4b7485e493d4331d94000004, "priority"=>42, "_type"=>"Plongo::Elements::Input", "value"=>"Title goes here", "key"=>"title"}], "template"=>[], "path"=>"pages/home"})
  MONGODB plongotest.plongo.pages.find({}, {})
  MONGODB admin.$cmd.find({:ismaster=>1}, {}).limit(-1)
  MONGODB plongotest.system.namespaces.find({}, {})
  MONGODB plongotest.system.namespaces.find({}, {})
  MONGODB plongotest.$cmd.find({:drop=>"plongo.pages"}, {}).limit(-1)
  MONGODB plongotest.plongo.pages.find({}, {})
  MONGODB plongotest.plongo.pages.find({}, {})
  MONGODB plongotest.$cmd.find({"count"=>"plongo.pages", "query"=>{}, "fields"=>nil}, {}).limit(-1)
  MONGODB plongotest.plongo.pages.find({:path=>"pages/home"}, {}).limit(-1)
  MONGODB db.plongo.pages.update({:_id=>4b7486c293d4331db9000001}, {"name"=>"home", "_id"=>4b7486c293d4331db9000001, "template"=>[], "path"=>"pages/home"})
  MONGODB db.plongo.pages.update({:_id=>4b7486c293d4331db9000001}, {"name"=>"home", "_id"=>4b7486c293d4331db9000001, "elements"=>[{"name"=>"Title goes here", "_id"=>4b7486c293d4331db9000002, "priority"=>nil, "_type"=>"Plongo::Elements::Input", "value"=>"Title goes here", "key"=>"title"}], "template"=>[], "path"=>"pages/home"})
  MONGODB plongotest.$cmd.find({"count"=>"plongo.pages", "query"=>{}, "fields"=>nil}, {}).limit(-1)
  MONGODB plongotest.$cmd.find({"count"=>"plongo.pages", "query"=>{}, "fields"=>nil}, {}).limit(-1)
  MONGODB plongotest.plongo.pages.find({:path=>"pages/home"}, {}).limit(-1)
  MONGODB plongotest.$cmd.find({"count"=>"plongo.pages", "query"=>{}, "fields"=>nil}, {}).limit(-1)
  MONGODB plongotest.plongo.pages.find({}, {})
  MONGODB plongotest.plongo.pages.find({}, {})
  MONGODB db.plongotest.remove({:_id=>{"$in"=>[4b7486c293d4331db9000001]}})
  MONGODB plongotest.plongo.pages.find({:path=>"pages/home"}, {}).limit(-1)
  MONGODB db.plongo.pages.update({:_id=>4b7486c293d4331db9000003}, {"name"=>"home", "_id"=>4b7486c293d4331db9000003, "template"=>[], "path"=>"pages/home"})
  MONGODB db.plongo.pages.update({:_id=>4b7486c293d4331db9000003}, {"name"=>"home", "_id"=>4b7486c293d4331db9000003, "elements"=>[{"name"=>"Title goes here", "_id"=>4b7486c293d4331db9000004, "priority"=>42, "_type"=>"Plongo::Elements::Input", "value"=>"Title goes here", "key"=>"title"}], "template"=>[], "path"=>"pages/home"})
  MONGODB plongotest.plongo.pages.find({}, {})
